// Jest Snapshot v1, https://goo.gl/fbAQLP

exports[`Renders simple image Matches snapshot 1`] = `"<img src=\\"/_custom/image.png\\" width=\\"200\\" height=\\"200\\" sizes=\\"(max-width: 500px) 500px, 900px\\" srcset=\\"/_custom/image.png 500w, /_custom/image.png 900w\\">"`;
